[www.quiztwise.com/loan.html]
[backblue.gif]
[fade.gif]
[index.html]
[www.quiztwise.com/loan/style/main.css]
[securepubads.g.doubleclick.net/tag/js/f.txt]
[www.quiztwise.com/loan/vjs.zencdn.net/7.11.4/video-js.css]
[vjs.zencdn.net/7.11.4/video.min.js]
[www.quiztwise.com/loan/cdn.jsdelivr.net/npm/videojs-ima@1.8.0/dist/videojs.ima.css]
[www.quiztwise.com/loan/page/play9.html]
[www.quiztwise.com/loan/img/9.mp4]
[www.quiztwise.com/loan/page/play2.html]
[www.quiztwise.com/loan/img/6.mp4]
[www.quiztwise.com/loan/page/play3.html]
[www.quiztwise.com/loan/img/3.mp4]
[www.quiztwise.com/loan/page/play4.html]
[www.quiztwise.com/loan/img/1.mp4]
[www.quiztwise.com/loan/page/play5.html]
[www.quiztwise.com/loan/img/7.mp4]
[www.quiztwise.com/loan/page/play6.html]
[www.quiztwise.com/loan/img/2.mp4]
[www.quiztwise.com/loan/page/play1.html]
[www.quiztwise.com/loan/img/8.mp4]
[www.quiztwise.com/loan/page/play10.html]
[www.quiztwise.com/loan/img/10.mp4]
[www.quiztwise.com/loan/page/play11.html]
[www.quiztwise.com/loan.html]
[www.quiztwise.com/loan/img/11.mp4]
[www.quiztwise.com/loan/style/main.css]
[www.quiztwise.com/loan/vjs.zencdn.net/7.11.4/video-js.html]
[cdn.jsdelivr.net/npm/videojs-contrib-ads@6.8.0/dist/videojs-contrib-ads.min.js]
[cdn.jsdelivr.net/npm/videojs-ima@1.8.0/dist/videojs.ima.min.js]
[www.quiztwise.com/loan/cdn.jsdelivr.net/npm/videojs-ima@1.8.0/dist/videojs.ima.html]
[www.quiztwise.com/loan/page/play9.html]
[www.quiztwise.com/loan/pages/video9.html]
[www.quiztwise.com/loan/page/play2.html]
[www.quiztwise.com/loan/pages/video2.html]
[www.quiztwise.com/loan/page/play3.html]
[www.quiztwise.com/loan/pages/video3.html]
[www.quiztwise.com/loan/page/play4.html]
[www.quiztwise.com/loan/pages/video4.html]
[www.quiztwise.com/loan/page/play5.html]
[www.quiztwise.com/loan/pages/video5.html]
[www.quiztwise.com/loan/page/play6.html]
[www.quiztwise.com/loan/pages/video6.html]
[www.quiztwise.com/loan/page/play1.html]
[www.quiztwise.com/loan/pages/video1.html]
[www.quiztwise.com/loan/page/play10.html]
[www.quiztwise.com/loan/pages/video10.html]
[www.quiztwise.com/loan/page/play11.html]
[www.quiztwise.com/loan/pages/video11.html]
[www.quiztwise.com/loan/pages/video9.html]
[www.quiztwise.com/loan/pages/video2.html]
[www.quiztwise.com/loan/pages/video3.html]
[www.quiztwise.com/loan/pages/video4.html]
[www.quiztwise.com/loan/pages/video5.html]
[www.quiztwise.com/loan/pages/video6.html]
[www.quiztwise.com/loan/pages/video1.html]
[www.quiztwise.com/loan/pages/video10.html]
[www.quiztwise.com/loan/pages/video11.html]
[www.quiztwise.com/loan/age.html]
[www.quiztwise.com/loan/age.html]
[www.quiztwise.com/loan/human.html]
[www.quiztwise.com/loan/human.html]
[www.quiztwise.com/loan/link.html]
[www.quiztwise.com/loan/link.html]
[www.quiztwise.com/loan/index-2.html]
[www.quiztwise.com/index.html]
[www.quiztwise.com/images/quiz_favicon.png]
[www.quiztwise.com/css/tailwind.min.css]
[cdnjs.cloudflare.com/ajax/libs/font-awesome/6.5.1/css/all.min.css]
[www.quiztwise.com/css/style.css]
[www.quiztwise.com/js/jquery-3.6.4.min.js]
[www.quiztwise.com/js/ads.js]
[www.quiztwise.com/playquiz.html]
[www.quiztwise.com/images/treasure.png]
[www.quiztwise.com/images/notification_bell.gif]
[www.quiztwise.com/js/index.js]
[www.quiztwise.com/index.html]
[www.quiztwise.com/loan/index-2.html]
[www.quiztwise.com/css/tailwind.min.css]
[cdnjs.cloudflare.com/ajax/libs/font-awesome/6.5.1/css/all.min.css]
[www.quiztwise.com/css/style.css]
[www.quiztwise.com/js/footer.js]
[www.quiztwise.com/playquiz.html]
[www.quiztwise.com/home.html]
[www.quiztwise.com/images/logo.png]
[www.quiztwise.com/images/Reward.png]
[www.quiztwise.com/category.html]
[www.quiztwise.com/profile.html]
[www.quiztwise.com/home.html]
[www.quiztwise.com/data/home.js]
[www.quiztwise.com/category.html]
[www.quiztwise.com/data/category.js]
[www.quiztwise.com/images/Profile-icon-removebg-preview.png]
[www.quiztwise.com/profile.html]
